[www.eldorado.ru/cat/detail/konditsioner-candy-ac-09hta103-r2/index.html]
[static.eldorado.ru/static/appd/adrum/adrum-eldorado-bx4c4b.js]
[static.eldorado.ru/static/appd/adrum/adrum4c4b.js]
[backblue.gif]
[fade.gif]
[index.html]
[static.eldorado.ru/bitrix/js/main/core/css/core6309.css]
[static.eldorado.ru/static/css/redesign3/libs/jquery-ui-1.10.3.customd8b7.css]
[static.eldorado.ru/static/css/redesign3/libs/native-sliderd8b7.css]
[static.eldorado.ru/static/css/redesign3/libs/ui-sliderd8b7.css]
[static.eldorado.ru/static/css/redesign2/jquery.jscrollpaned8b7.css]
[static.eldorado.ru/static/css/redesign3/maind8b7.css]
[static.eldorado.ru/static/css/redesign2/startd8b7.css]
[static.eldorado.ru/static/css/redesign3/customd8b7.css]
[static.eldorado.ru/static/css/redesign4/custom_r4d8b7.css]
[static.eldorado.ru/static/css/redesign4/maind8b7.css]
[static.eldorado.ru/static/css/redesign2.3/ui-sliderd8b7.css]
[static.eldorado.ru/static/css/redesign2/inner_cored8b7.css]
[static.eldorado.ru/static/css/redesign2/inner_otherd8b7.css]
[static.eldorado.ru/static/css/redesign2.3/new-cuseld8b7.css]
[static.eldorado.ru/static/fancybox/jquery.fancybox-1.3.4d8b7.css]
[static.eldorado.ru/static/css/redesign3/indexd8b7.css]
[static.eldorado.ru/static/css/redesign3/inner_cored8b7.css]
[static.eldorado.ru/static/css/redesign3/inner_otherd8b7.css]
[static.eldorado.ru/static/css/redesign3/css1_cored8b7.css]
[static.eldorado.ru/static/css/redesign4/css4_cored8b7.css]
[static.eldorado.ru/static/css/redesign3/css1_productd8b7.css]
[static.eldorado.ru/static/css/redesign3/css1_otherd8b7.css]
[static.eldorado.ru/static/css/redesign3/popupd8b7.css]
[static.eldorado.ru/static/css/redesign3/bonusd8b7.css]
[static.eldorado.ru/static/css/redesign3/css2_cored8b7.css]
[static.eldorado.ru/static/css/redesign3/css2_productd8b7.css]
[static.eldorado.ru/static/css/redesign3/css2_otherd8b7.css]
[static.eldorado.ru/static/css/redesign3/css3_cored8b7.css]
[static.eldorado.ru/static/css/redesign3/css3_productd8b7.css]
[static.eldorado.ru/static/css/redesign3/css3_otherd8b7.css]
[static.eldorado.ru/static/css/redesign3/stage24d8b7.css]
[static.eldorado.ru/static/css/redesign3/compared8b7.css]
[static.eldorado.ru/static/css/redesign3/servicesd8b7.css]
[static.eldorado.ru/bitrix/components/lenvendo/pre_order/templates/.default/pre_orderd8b7.css]
[static.eldorado.ru/bitrix/components/lenvendo/fast_order/templates/.default/fast_orderd8b7.css]
[static.eldorado.ru/static/css/redesign3/additionald8b7.css]
[static.eldorado.ru/static/css/_index2d8b7.css]
[static.eldorado.ru/bitrix/components/eldorado/3d.review/templates/.default/3d-reviewd8b7.css]
[static.eldorado.ru/static/css/redesign3/checkout-adaptived8b7.css]
[static.eldorado.ru/static/js/jquery-modal-0.7.3/jquery.modal.mind8b7.css]
[static.eldorado.ru/static/js/lib/webui-popover/dist/jquery.webui-popover.mind8b7.css]
[static.eldorado.ru/bitrix/components/eldorado/personal.wish_list_button/assets/styled8b7.css]
[static.eldorado.ru/static/css/wish_listd8b7.css]
[static.eldorado.ru/bitrix/components/lenvendo/order.info/templates/.default/styled8b7.css]
[static.eldorado.ru/bitrix/components/eldorado/search.line_sem/templates/redesign4/styled8b7.css]
[static.eldorado.ru/bitrix/components/eldorado/catalog.goods_detail_sem/templates/redesign3_default/styled8b7.css]
[static.eldorado.ru/static/css/redesign3/action110d8b7.css]
[static.eldorado.ru/static/images/redesign3/livetex/styled8b7.css]
[static.eldorado.ru/bitrix/components/lenvendo/loyalty.auth.registration/templates/redesign3_default/styled8b7.css]
[static.eldorado.ru/static/bem/build/commond8b7.css]
[static.eldorado.ru/static/bem/build/listing/listingd8b7.css]
[static.eldorado.ru/static/js/redesign4/scriptsd8b7.js]
[static.eldorado.ru/static/js/redesign3/libs/jquery-1.11.3.mind8b7.js]
[static.eldorado.ru/static/js/redesign3/libs/native-slider-initd8b7.js]
[static.eldorado.ru/static/js/redesign2.2/sited8b7.js]
[static.eldorado.ru/static/js/redesign3/libs/jquery-no-conflictd8b7.js]
[static.eldorado.ru/static/js/redesign3/q-slider-initd8b7.js]
[static.eldorado.ru/static/js/jquery-1.7.1.mind8b7.js]
[static.eldorado.ru/static/js/redesign3/libs/jquery.lazy.mind8b7.js]
[static.eldorado.ru/static/js/redesign3/libs/jquery.placeholderd8b7.js]
[static.eldorado.ru/static/js/wish_list/wish_list_cored8b7.js]
[static.eldorado.ru/static/js/wish_list/wish_list_defaultd8b7.js]
[static.eldorado.ru/static/js/wish_list/wls_fast_view_managerd8b7.js]
[static.eldorado.ru/static/js/jquery-modal-0.7.3/jquery.modal.mind8b7.js]
[static.eldorado.ru/static/js/lib/webui-popover/dist/jquery.webui-popover.mind8b7.js]
[static.eldorado.ru/bitrix/components/eldorado/personal.wish_list_button/assets/scriptd8b7.js]
[static.eldorado.ru/static/js/redesign3/libs/jquery-ui-1.11.4.mind8b7.js]
[static.eldorado.ru/static/js/cusel-fixed-min-2.5.fix-0.1d8b7.js]
[static.eldorado.ru/static/js/redesign2/jquery.cycle.alld8b7.js]
[static.eldorado.ru/static/js/redesign2/jquery.countdown.customd8b7.js]
[static.eldorado.ru/static/js/redesign2/jquery.countdown-ru-1.6.1d8b7.js]
[static.eldorado.ru/static/js/redesign2/jquery.jscrollpane.mind8b7.js]
[static.eldorado.ru/static/js/redesign2.3/jquery.tinyscrollbar.mind8b7.js]
[static.eldorado.ru/static/js/redesign2/jquery.cookied8b7.js]
[static.eldorado.ru/static/js/location_switchd8b7.js]
[static.eldorado.ru/static/js/redesign2/jquery.validate.mind8b7.js]
[static.eldorado.ru/static/js/redesign2.3/form-validationd8b7.js]
[static.eldorado.ru/static/js/redesign2.3/jquery.debounce-1.0.5d8b7.js]
[static.eldorado.ru/static/js/jquery.appeard8b7.js]
[static.eldorado.ru/static/js/redesign2/jquery.jcarousel.mind8b7.js]
[static.eldorado.ru/static/js/redesign3/cartd8b7.js]
[static.eldorado.ru/static/js/messages_rud8b7.js]
[static.eldorado.ru/static/js/redesign3/spinnerd8b7.js]
[static.eldorado.ru/static/js/redesign2/jquery.formstyler.mind8b7.js]
[static.eldorado.ru/static/js/redesign3/catalogd8b7.js]
[static.eldorado.ru/static/js/redesign3/filter_storaged8b7.js]
[static.eldorado.ru/static/js/redesign3/table_view_storaged8b7.js]
[static.eldorado.ru/static/js/redesign3/authd8b7.js]
[static.eldorado.ru/static/js/common/confirm_regionsd8b7.js]
[static.eldorado.ru/static/js/redesign2/regionsd8b7.js]
[static.eldorado.ru/static/js/redesign2/fixedd8b7.js]
[static.eldorado.ru/static/js/redesign3/layoutd8b7.js]
[static.eldorado.ru/static/js/redesign3/responsived8b7.js]
[static.eldorado.ru/static/js/redesign3/banner_commond8b7.js]
[static.eldorado.ru/static/js/jquery.actual.mind8b7.js]
[static.eldorado.ru/static/fancybox/jquery.fancybox-1.3.4.packd8b7.js]
[static.eldorado.ru/static/js/lenvendo/jquery.extendsd8b7.js]
[static.eldorado.ru/static/js/ie_10_11d8b7.js]
[static.eldorado.ru/static/js/jquery.maskedinput.mind8b7.js]
[static.eldorado.ru/static/js/lib/inputmask.mind8b7.js]
[static.eldorado.ru/static/js/is.mobiled8b7.js]
[static.eldorado.ru/static/js/redesign3/listingd8b7.js]
[static.eldorado.ru/static/js/redesign4/script_cored8b7.js]
[static.eldorado.ru/static/js/redesign3/script_extensiond8b7.js]
[static.eldorado.ru/static/js/GTMEventsd8b7.js]
[static.eldorado.ru/static/js/redesign3/common/field_stated8b7.js]
[static.eldorado.ru/static/js/redesign3/common/modal_queued8b7.js]
[static.eldorado.ru/static/js/md5.js]
[static.eldorado.ru/static/js/redesign4/search_lined8b7.js]
[static.eldorado.ru/static/js/kladr.js]
[static.eldorado.ru/static/js/jquery.loadTemplate-1.2.5.min.js]
[static.eldorado.ru/static/js/lenvendo/quick_view/popupDetailProductd8b7.js]
[static.eldorado.ru/static/js/redesign3/action110_requestd8b7.js]
[static.eldorado.ru/static/js/redesign3/notify_request.js]
[static.eldorado.ru/static/js/lib/mustache.min.js]
[static.eldorado.ru/static/js/kladrd8b7.js]
[static.eldorado.ru/static/js/redesign3/PreOrderd8b7.js]
[static.eldorado.ru/bitrix/components/lenvendo/widget.radiobutton_line/templates/redesign_2.3/scriptd8b7.js]
[static.eldorado.ru/static/js/redesign2/jquery.stickysectionheaders.js]
[static.eldorado.ru/static/js/redesign2/customscrollbar.js]
[static.eldorado.ru/static/js/kitd8b7.js]
[static.eldorado.ru/static/js/redesign3/buy-digital-buttond8b7.js]
[static.eldorado.ru/static/js/redesign3/NewPopupd8b7.js]
[static.eldorado.ru/bitrix/components/lenvendo/loyalty.auth.login/templates/.default/js/common/auth_popup_managerd8b7.js]
[static.eldorado.ru/bitrix/components/lenvendo/loyalty.auth.login/templates/.default/js/common/validatord909.js]
[static.eldorado.ru/static/js/redesign2.2/registrationd8b7.js]
[static.eldorado.ru/bitrix/js/main/core/core6309.js]
[static.eldorado.ru/icon/apple-touch-icon/apple-touch-icon-57x57.png]
[static.eldorado.ru/icon/apple-touch-icon/apple-touch-icon-60x60.png]
[static.eldorado.ru/icon/apple-touch-icon/apple-touch-icon-72x72.png]
[static.eldorado.ru/icon/apple-touch-icon/apple-touch-icon-76x76.png]
[static.eldorado.ru/icon/apple-touch-icon/apple-touch-icon-114x114.png]
[static.eldorado.ru/icon/apple-touch-icon/apple-touch-icon-120x120.png]
[static.eldorado.ru/icon/apple-touch-icon/apple-touch-icon-144x144.png]
[static.eldorado.ru/icon/apple-touch-icon/apple-touch-icon-152x152.png]
[static.eldorado.ru/icon/apple-touch-icon/apple-touch-icon-180x180.png]
[api.flocktory.com/v2/loader8d52.js]
[vojs.group-ib.ru/build/main_157_a5d41804_339_1229.js]
[sp.flocktory.com/v1/sp8062.js]
[cdn.retailrocket.ru/content/javascript/tracking.js]
[cdn-eu.dynamicyield.com/api/9876316/api_dynamic.js]
[cdn-eu.dynamicyield.com/api/9876316/api_static.js]
[static.eldorado.ru/static/js/retailrocket.segmentatord8b7.js]
[static.server.retentioneering.com/eldorado.min.js]
[static.eldorado.ru/bitrix/components/lenvendo/order.info/templates/.default/script8abb.js]
[static.eldorado.ru/bitrix/components/eldorado/search.line_sem/templates/redesign4/scriptce1d.js]
[static.eldorado.ru/bitrix/components/eldorado/menu.categories/templates/.default/scriptce1d.js]
[static.eldorado.ru/static/images/redesign4/eldoLived8b7.png]
[static.eldorado.ru/bitrix/components/eldorado/catalog.goods_detail_sem/templates/redesign3_default/scripta8a5.js]
[static.eldorado.ru/upload/3d/110x40.png]
[www.eldorado.ru/cat/detail/konditsioner-candy-ac-09hta103-r2/index6488.html]
[static.eldorado.ru/bitrix/components/eldorado/3d.review/templates/.default/js3d.js]
[www.eldorado.ru/cat/detail/konditsioner-candy-ac-09hta103-r2/indexef4b.html]
[static.eldorado.ru/images/loading.gif]
[www.eldorado.ru/cat/detail/konditsioner-candy-ac-09hta103-r2/indexb892.html]
[static.eldorado.ru/bitrix/components/lenvendo/catalog.relation/templates/redesign3_gift/script1e61.js]
[static.eldorado.ru/bitrix/components/lenvendo/catalog.relation/templates/redesign3_default/script1e61.js]
[media.flixfacts.com/js/loader.js]
[www.eldorado.ru/cat/detail/konditsioner-candy-ac-09hta103-r2/index047a.html]
[www.eldorado.ru/cat/detail/konditsioner-candy-ac-09hta103-r2/index7322.html]
[cs15.livetex.ru/js/client.js]
[static.eldorado.ru/bitrix/components/eldorado/catalog.viewed.product/templates/.default/script1e61.js]
[static.eldorado.ru/bitrix/components/lenvendo/loyalty.auth.login/templates/.default/scriptce1d.js]
[static.eldorado.ru/static/images/redesign3/whoAreYouVerify.png]
[static.eldorado.ru/static/images/redesign3/bonusCard.png]
[static.eldorado.ru/static/images/redesign3/authNumAndPinHelp.png]
[www.eldorado.ru/cat/detail/konditsioner-candy-ac-09hta103-r2/index873e.html]
[static.eldorado.ru/static/images/redesign3/icon-forms-success.png]
[static.eldorado.ru/static/images/redesign2/registration/getCard.png]
[www.googleadservices.com/pagead/f.txt]
[static.eldorado.ru/static/bem/build/commond8b7.js]
[static.eldorado.ru/static/bem/build/listing/listingd8b7.js]
[www.eldorado.ru/cat/detail/konditsioner-candy-ac-09hta103-r2/index.html]
[static.eldorado.ru/bitrix/js/main/core/images/wait.gif]
[static.eldorado.ru/bitrix/js/main/core/images/close.gif]
[static.eldorado.ru/bitrix/js/main/core/images/panel/sprite04.png]
[static.eldorado.ru/bitrix/js/main/core/images/autosave/autosave-green.gif]
[static.eldorado.ru/bitrix/js/main/core/images/autosave/autosave-red.gif]
[static.eldorado.ru/bitrix/js/main/core/images/autosave/autosave-write.gif]
[static.eldorado.ru/bitrix/images/main/del.gif]
[static.eldorado.ru/bitrix/js/main/core/css/core6309.css]
[static.eldorado.ru/static/css/images/redesign2/ui-bg_diagonals-thick_18_b81900_40x40.png]
[static.eldorado.ru/static/css/images/redesign2/ui-icons_222222_256x240.png]
[static.eldorado.ru/static/css/images/redesign2/ui-icons_ffffff_256x240.png]
[static.eldorado.ru/static/css/images/redesign2/ui-icons_ef8c08_256x240.png]
[static.eldorado.ru/static/css/images/redesign2/ui-icons_228ef1_256x240.png]
[static.eldorado.ru/static/css/images/redesign2/ui-icons_ffd27a_256x240.png]
[static.eldorado.ru/static/css/images/redesign2/ui-bg_diagonals-thick_20_666666_40x40.png]
[static.eldorado.ru/static/css/images/redesign2/ui-bg_flat_10_000000_40x100.png]
[static.eldorado.ru/static/css/redesign3/libs/jquery-ui-1.10.3.customd8b7.css]
[static.eldorado.ru/static/css/redesign3/libs/native-sliderd8b7.css]
[static.eldorado.ru/static/images/redesign2.3/widget-content.png]
[static.eldorado.ru/static/images/redesign2.3/slider-range.png]
[static.eldorado.ru/static/images/redesign2.3/slider-handle.png]
[static.eldorado.ru/static/css/redesign3/libs/ui-sliderd8b7.css]
[static.eldorado.ru/static/css/redesign2/jquery.jscrollpaned8b7.css]
[static.eldorado.ru/static/images/redesign3/icon-close-slide-item.png]
[static.eldorado.ru/static/images/redesign3/icon-close-slide-item-red.png]
[static.eldorado.ru/static/images/redesign2/actionPrice.png]
[static.eldorado.ru/static/images/redesign2/star.png]
[static.eldorado.ru/static/images/redesign2/checkbox.png]
[static.eldorado.ru/static/images/redesign2/headerLogout.png]
[static.eldorado.ru/static/images/redesign2/headerPhoneDivider.png]
[static.eldorado.ru/static/images/redesign2/headerCatalogHd.png]
[static.eldorado.ru/static/images/redesign2/headerCatalogSubBg.gif]
[static.eldorado.ru/static/images/redesign2/headerSearchProposeBg.png]
[static.eldorado.ru/static/images/redesign2/mainBg.png]
[static.eldorado.ru/static/images/redesign2/coloredMenuItemBg.png]
[static.eldorado.ru/static/images/redesign2/headerColoredItemTodayNib.gif]
[static.eldorado.ru/static/images/redesign2/sliderNavItem.png]
[static.eldorado.ru/static/images/redesign2/sliderControlsBg.png]
[static.eldorado.ru/static/images/redesign2/mainClearanceNib.png]
[static.eldorado.ru/static/images/redesign2/rib.gif]
[static.eldorado.ru/static/images/redesign2/aboutPickup.gif]
[static.eldorado.ru/static/images/redesign2/mainAboutItemExcluded.png]
[static.eldorado.ru/static/images/redesign2/socialIcons.png]
[static.eldorado.ru/static/images/redesign2/regionFedActive.gif]
[static.eldorado.ru/static/images/redesign2/registration/loader.gif]
[static.eldorado.ru/static/images/redesign2/registration/submitPassIconMail.png]
[static.eldorado.ru/static/images/redesign2/registration/submitPassIconMessage.png]
[static.eldorado.ru/static/images/redesign2/authNumberHelpBg.gif]
[static.eldorado.ru/static/images/redesign2/authHelpNib.png]
[static.eldorado.ru/static/images/redesign2/headerCatalogRollDecor.gif]
[static.eldorado.ru/static/images/redesign2/headerCatalogItemActiveBg.png]
[static.eldorado.ru/static/images/redesign2/filterReset.gif]
[static.eldorado.ru/static/images/redesign2/deleteActiveStatus.png]
[static.eldorado.ru/static/images/redesign2/sortAscItemArrow.png]
[static.eldorado.ru/static/images/redesign2/sortDescItemArrow.png]
[static.eldorado.ru/static/images/redesign2/itemPriceDecorated.png]
[static.eldorado.ru/static/images/redesign2/itemPriceDecoratedBig.png]
[static.eldorado.ru/static/images/redesign2/add2Cart.png]
[static.eldorado.ru/static/images/redesign2/preOrder.png]
[static.eldorado.ru/static/images/redesign2/alreadyInCartSmall.png]
[static.eldorado.ru/static/images/redesign2/add2CartBig.png]
[static.eldorado.ru/static/images/redesign2/preOrderBig.png]
[static.eldorado.ru/static/images/redesign2/alreadyInCartCheck.png]
[static.eldorado.ru/static/images/redesign2/add2CartMidle.png]
[static.eldorado.ru/static/images/redesign2/alreadyInCartMiddle.png]
[static.eldorado.ru/static/images/redesign2/pagerPrevNextControls.png]
[static.eldorado.ru/static/images/redesign2/detailCapabilitesLine.png]
[static.eldorado.ru/static/images/redesign2/detailCapabilitesPointer.png]
[static.eldorado.ru/static/images/redesign2/shippingBlockItemPic1.png]
[static.eldorado.ru/static/images/redesign2/shippingBlockItemPic2.png]
[static.eldorado.ru/static/images/redesign2/shippingBlockItemSelfShippingBg.png]
[static.eldorado.ru/static/images/redesign2/helpPopupOpen.gif]
[static.eldorado.ru/static/images/redesign2/helpPopupClose.gif]
[static.eldorado.ru/static/images/redesign2/serviceButton.png]
[static.eldorado.ru/static/images/redesign2/alreadyInCartForServiceSmall.png]
[static.eldorado.ru/static/images/redesign2/otherContainerBg.gif]
[static.eldorado.ru/static/images/redesign2/instructionLinkDecor.gif]
[static.eldorado.ru/static/images/redesign2/buyButtonSmall.png]
[static.eldorado.ru/static/images/redesign2/galleryPopupControls.jpg]
[static.eldorado.ru/static/images/redesign2/popupSelfDeliveryNoteBg.gif]
[static.eldorado.ru/static/images/redesign2/markeredListLiDecor.gif]
[static.eldorado.ru/static/images/redesign2/popupSelfDeliveryTextDecorBg.png]
[static.eldorado.ru/static/images/redesign2/addReview.png]
[static.eldorado.ru/static/images/redesign2/inputBg.gif]
[static.eldorado.ru/static/images/redesign2/starBig.png]
[static.eldorado.ru/static/images/redesign2/accessoriesTabsControlDecor.png]
[static.eldorado.ru/static/images/redesign2/accessoriesControlTabsItemActiveBg.png]
[static.eldorado.ru/static/images/redesign2/showMoreButton.png]
[static.eldorado.ru/static/images/redesign2/giftBlockBg.png]
[static.eldorado.ru/static/images/redesign2/checkboxBig.png]
[static.eldorado.ru/static/images/redesign2/goodOfTheDayDecor.png]
[static.eldorado.ru/static/images/redesign2/detailGoodOfTheDayDecor.png]
[static.eldorado.ru/static/images/redesign2/sectionGoodOfTheDayActionPrice.png]
[static.eldorado.ru/static/images/redesign2/actionPriceBig.png]
[static.eldorado.ru/static/images/redesign2/goodOfTheDayBuyBoxBottomBorder.png]
[static.eldorado.ru/static/images/redesign2/sectionDiscountDecor.png]
[static.eldorado.ru/static/images/redesign2/DetailDiscountDecor.png]
[static.eldorado.ru/static/images/redesign2/giftBlockSlider.png]
[static.eldorado.ru/static/images/redesign2/giftSliderNav.png]
[static.eldorado.ru/static/images/redesign2/headerSearchProposeClose.png]
[static.eldorado.ru/static/images/redesign2/sucsessMark.png]
[static.eldorado.ru/static/images/redesign2/failMark.png]
[static.eldorado.ru/static/images/redesign2.3/compareBorderTop.png]
[static.eldorado.ru/static/images/redesign2.3/compareBorderBottom.png]
[static.eldorado.ru/static/images/redesign2.3/compareBorderLeft.png]
[static.eldorado.ru/static/images/redesign2.3/compareBorderTopTable.png]
[static.eldorado.ru/static/images/redesign2/compareArrowTop.png]
[static.eldorado.ru/static/images/redesign2.3/oldTovarBg.jpg]
[static.eldorado.ru/static/images/redesign2/registration/help.gif]
[static.eldorado.ru/static/images/redesign2/registration/authNumberHelpBg.gif]
[static.eldorado.ru/static/images/redesign2/registration/regHelpNib.png]
[static.eldorado.ru/static/images/redesign2/registration/errSprite.png]
[static.eldorado.ru/static/images/redesign3/hide_pass.png]
[static.eldorado.ru/static/images/redesign2/registration/show_pass.gif]
[static.eldorado.ru/static/images/redesign2/registration/regInputSubmit.png]
[static.eldorado.ru/static/images/promoItemBL.png]
[static.eldorado.ru/static/images/promoItemBC.png]
[static.eldorado.ru/static/images/promoItemBR.png]
[static.eldorado.ru/static/images/compareArrowTop.png]
[static.eldorado.ru/static/images/compareBorderTop.png]
[static.eldorado.ru/static/images/news_paper_pdf.png]
[static.eldorado.ru/static/images/redesign2/registration/errArrow.png]
[static.eldorado.ru/static/images/footer/footerIconPhone.png]
[static.eldorado.ru/static/images/footer/footerIconFeedback.png]
[static.eldorado.ru/static/images/footer/footerIconInterview.png]
[static.eldorado.ru/static/images/footer/footerIconBestPrice.png]
[static.eldorado.ru/static/images/footer/footerIconSubscribeDefault.png]
[static.eldorado.ru/static/images/footer/footerIconSubscribeValid.png]
[static.eldorado.ru/static/images/footer/footerIconSubscribeInvalid.png]
[static.eldorado.ru/static/images/redesign3/checkout/helpPopupContainer.png]
[static.eldorado.ru/static/images/search_clear.png]
[static.eldorado.ru/static/images/headerSearchProposeBg.png]
[static.eldorado.ru/static/images/redesign3/thls/head.welcome.jpg]
[static.eldorado.ru/static/images/redesign3/thls/head.welcome.mb.jpg]
[static.eldorado.ru/static/images/redesign3/thls/head.promocode.jpg]
[static.eldorado.ru/static/images/redesign3/thls/head.promocode.mb.jpg]
[static.eldorado.ru/static/images/redesign3/thls/bg.png]
[static.eldorado.ru/static/images/redesign3/show_pass.png]
[static.eldorado.ru/static/css/redesign3/maind8b7.css]
[static.eldorado.ru/static/images/redesign2/registration/pass_more.png]
[static.eldorado.ru/static/css/redesign4/main_r4d8b7.css]
[static.eldorado.ru/static/images/redesign2/ico-exit.png]
[static.eldorado.ru/static/images/redesign2/menuLkTilt.png]
[static.eldorado.ru/static/images/redesign2/welcomeTilt.png]
[static.eldorado.ru/static/images/close_popup_resp.gif]
[static.eldorado.ru/static/css/redesign2/startd8b7.css]
[static.eldorado.ru/static/images/shield/pics-shield-min-new.png]
[static.eldorado.ru/static/images/shield/online_payment_card.png]
[static.eldorado.ru/static/images/shield/windows8-24.png]
[static.eldorado.ru/static/images/shield/windows8-83.png]
[static.eldorado.ru/static/images/shield/20-83.png]
[static.eldorado.ru/static/images/shield/super-price.png]
[static.eldorado.ru/static/images/shield/easy_83.png]
[static.eldorado.ru/static/images/shield/rassrochkak.png]
[static.eldorado.ru/static/images/shield/credbig.png]
[static.eldorado.ru/static/images/redesign2/radio.gif]
[static.eldorado.ru/static/images/redesign2/detailCapabilitesLine_n.png]
[static.eldorado.ru/static/images/shield/pics-shield-min.png]
[static.eldorado.ru/static/images/redesign2/success-bttn.png]
[static.eldorado.ru/static/images/redesign2.3/price_tick.png]
[static.eldorado.ru/static/images/redesign2/close.gif]
[static.eldorado.ru/static/images/app/ios_header_background.png]
[static.eldorado.ru/static/images/redesign3/util.png]
[static.eldorado.ru/static/images/recycling/profile_recycling_bg_transparent_coupon.png]
[static.eldorado.ru/static/images/recycling/catalog_recycling_bg_coupon.png]
[static.eldorado.ru/static/images/recycling/catalog_recycling_bg.gif]
[static.eldorado.ru/static/images/instructionLinkDecor.gif]
[static.eldorado.ru/static/images/redesign2/codePrint.png]
[static.eldorado.ru/static/images/goods_list_checkbox.gif]
[static.eldorado.ru/static/images/redesign2/blueButton.png]
[static.eldorado.ru/static/images/redesign2/ek/thsPopupTop.png]
[static.eldorado.ru/static/images/redesign2/ek/thsPopupBack.png]
[static.eldorado.ru/static/images/redesign2/ek/thsPopupDivider.png]
[static.eldorado.ru/static/images/redesign2/ek/popupCardBottom.png]
[static.eldorado.ru/static/images/recycling/basket_recycling_icon.gif]
[static.eldorado.ru/static/images/redesign2/blueButtonAuth.png]
[static.eldorado.ru/static/images/redesign2.3/registration/submitPassIconMail.png]
[static.eldorado.ru/static/images/redesign2/sliderControlsBg_n.png]
[static.eldorado.ru/static/images/basket/orderBonus-blue-grad.png]
[static.eldorado.ru/static/images/basket/orderBonus-blue-grad-big.png]
[static.eldorado.ru/static/images/redesign2/detailCapabilitesPointer_n.png]
[static.eldorado.ru/static/images/warning.png]
[static.eldorado.ru/static/images/redesign2/coloredMenuItemBg18350.png]
[static.eldorado.ru/static/images/redesign2.3/registration/regOk.png]
[static.eldorado.ru/static/images/redesign2/itemPriceDecoratedSmall.png]
[static.eldorado.ru/static/css/images/ic_eldo_card.png]
[static.eldorado.ru/static/images/redesign3/headermenu/store_icon.png]
[static.eldorado.ru/static/images/redesign3/headermenu/delivery_icon.png]
[static.eldorado.ru/static/images/redesign3/headermenu/pay_icon.png]
[static.eldorado.ru/static/images/redesign3/headermenu/help_icon.png]
[static.eldorado.ru/static/images/redesign3/headermenu/service_icon.png]
[static.eldorado.ru/static/images/redesign3/headermenu/status_icon.png]
[static.eldorado.ru/static/images/redesign3/headermenu/club_icon.png]
[static.eldorado.ru/static/images/redesign3/headermenu/job_icon.png]
[static.eldorado.ru/static/images/redesign3/headermenu/project_icon.png]
[static.eldorado.ru/static/images/redesign3/headermenu/coffee_icon.png]
[static.eldorado.ru/static/images/redesign3/headermenu/game_icon.png]
[static.eldorado.ru/static/images/redesign3/headermenu/kitchen_icon.png]
[static.eldorado.ru/static/images/redesign3/headermenu/beauty_icon.png]
[static.eldorado.ru/static/images/footer/footerMnogoRU_bw.png]
[static.eldorado.ru/static/images/footer/footerMnogoRU_color.png]
[static.eldorado.ru/static/images/footer/footerAKIT_bw.png]
[static.eldorado.ru/static/images/footer/footerAKIT_color.png]
[static.eldorado.ru/static/images/footer/footerUpPage.png]
[static.eldorado.ru/static/images/footer/footerUpPageHover.png]
[static.eldorado.ru/static/images/close.png]
[static.eldorado.ru/static/images/redesign3/icon-triangles.png]
[static.eldorado.ru/static/css/redesign3/customd8b7.css]
[static.eldorado.ru/static/css/redesign4/custom_r4d8b7.css]
[static.eldorado.ru/static/images/redesign4/payment-2xf446.png]
[static.eldorado.ru/static/css/redesign4/maind8b7.css]
[static.eldorado.ru/promo/src/images/banner_eldoblog_blue-min.jpg]
[static.eldorado.ru/static/css/redesign2.3/ui-sliderd8b7.css]
[static.eldorado.ru/static/css/redesign2/inner_cored8b7.css]
[static.eldorado.ru/static/images/slchleft.png]
[static.eldorado.ru/static/images/slchcenter.png]
[static.eldorado.ru/static/images/slchright.png]
[static.eldorado.ru/static/images/metro_filter_bg.gif]
[static.eldorado.ru/static/images/metro_filter_top.gif]
[static.eldorado.ru/static/images/metro_filter_bottom.gif]
[static.eldorado.ru/static/images/metro_header_icons.gif]
[static.eldorado.ru/static/images/eldorado_checkboxes.gif]
[static.eldorado.ru/static/images/metro_option_icons.png]
[static.eldorado.ru/static/images/bonuscard_black.png]
[static.eldorado.ru/static/images/shipping.png]
[static.eldorado.ru/static/images/print.png]
[static.eldorado.ru/static/images/moscow_metro.jpg]
[static.eldorado.ru/static/images/linesmall1.png]
[static.eldorado.ru/static/images/chline1.png]
[static.eldorado.ru/static/images/chline2.png]
[static.eldorado.ru/static/images/chline3.png]
[static.eldorado.ru/static/images/chline4.png]
[static.eldorado.ru/static/images/chline5.png]
[static.eldorado.ru/static/images/chline6.png]
[static.eldorado.ru/static/images/chline7.png]
[static.eldorado.ru/static/images/chline8.png]
[static.eldorado.ru/static/images/chline9.png]
[static.eldorado.ru/static/images/chline10.png]
[static.eldorado.ru/static/images/chline11.png]
[static.eldorado.ru/static/images/chline12.png]
[static.eldorado.ru/static/images/chline13.png]
[static.eldorado.ru/static/images/chline14.png]
[static.eldorado.ru/static/images/chline15.png]
[static.eldorado.ru/static/images/calendar-mark.gif]
[static.eldorado.ru/static/images/calendar-arrow-left.png]
[static.eldorado.ru/images/calendar-arrow-left.png]
[static.eldorado.ru/static/images/calendar-arrow.png]
[static.eldorado.ru/static/images/catalogue_bottom.png]
[static.eldorado.ru/static/images/show_pass.gif]
[static.eldorado.ru/static/images/prchleft.png]
[static.eldorado.ru/static/images/prchcenter.png]
[static.eldorado.ru/static/images/prchright.png]
[static.eldorado.ru/static/images/pbleft.jpg]
[static.eldorado.ru/static/images/pbcenter.jpg]
[static.eldorado.ru/static/images/pbright.jpg]
[static.eldorado.ru/static/images/radio.gif]
[static.eldorado.ru/static/images/goods_table_detail_nib.gif]
[static.eldorado.ru/static/images/price.gif]
[static.eldorado.ru/static/images/time-decor.png]
[static.eldorado.ru/static/images/buy_box.gif]
[static.eldorado.ru/static/images/_bbbigbot.png]
[static.eldorado.ru/static/images/price_big.gif]
[static.eldorado.ru/static/images/deposit_card.gif]
[static.eldorado.ru/static/images/add2cart_big_green.png]
[static.eldorado.ru/static/images/good_card_tabs_bg.gif]
[static.eldorado.ru/static/images/good_card_tabs_item.gif]
[static.eldorado.ru/static/images/good_card_tabs_active.gif]
[static.eldorado.ru/static/images/good_card_table_bottom.gif]
[static.eldorado.ru/static/images/pointer.png]
[static.eldorado.ru/static/images/compare_shade_hor.png]
[static.eldorado.ru/static/images/compare_shade_hor_2.png]
[static.eldorado.ru/static/images/compare_delete.gif]
[static.eldorado.ru/static/images/price_small.gif]
[static.eldorado.ru/static/images/compare_shade.png]
[static.eldorado.ru/static/images/dateToday.png]
[static.eldorado.ru/static/images/today2H1.png]
[static.eldorado.ru/static/images/dvoetoch.png]
[static.eldorado.ru/static/images/timingZag.png]
[static.eldorado.ru/static/images/today2TimeBg.png]
[static.eldorado.ru/static/images/redesign2/bonusInfoBg.png]
[static.eldorado.ru/static/images/out_of_stock.png]
[static.eldorado.ru/static/css/redesign2/inner_otherd8b7.css]
[static.eldorado.ru/static/images/redesign2.3/dropdown-bg.png]
[static.eldorado.ru/static/images/redesign2.3/dropdown_button.gif]
[static.eldorado.ru/static/images/redesign2.3/dropdown-arrows.png]
[static.eldorado.ru/static/images/redesign2.3/dropdown-selected.png]
[static.eldorado.ru/static/images/redesign2.3/selects-2.png]
[static.eldorado.ru/static/css/redesign2.3/new-cuseld8b7.css]
[static.eldorado.ru/static/fancybox/fancybox.png]
[static.eldorado.ru/static/fancybox/jquery.fancybox-1.3.4d8b7.css]
[static.eldorado.ru/static/fancybox/blank.gif]
[static.eldorado.ru/static/images/redesign3/icon-arrow-down-grey.png]
[static.eldorado.ru/static/css/redesign3/indexd8b7.css]
[static.eldorado.ru/static/css/redesign3/inner_cored8b7.css]
[static.eldorado.ru/static/images/eldorado_checkboxes-green.gif]
[static.eldorado.ru/static/css/redesign3/inner_otherd8b7.css]
[static.eldorado.ru/static/images/redesign3/icon-search.png]
[static.eldorado.ru/static/images/redesign3/normal-prev.png]
[static.eldorado.ru/static/images/redesign3/normal_next.png]
[static.eldorado.ru/static/images/redesign3/rating-1.png]
[static.eldorado.ru/static/images/redesign3/rating-0.png]
[static.eldorado.ru/static/images/redesign3/icon-cart.png]
[static.eldorado.ru/static/images/redesign3/icon-in-cart.png]
[static.eldorado.ru/static/images/redesign3/icon-in-cart-white.png]
[static.eldorado.ru/static/images/redesign3/icon-arrow-down.png]
[static.eldorado.ru/static/images/redesign3/icon-header-store.png]
[static.eldorado.ru/static/images/redesign3/icon-header-delivery.png]
[static.eldorado.ru/static/images/redesign3/icon-header-payment.png]
[static.eldorado.ru/static/images/redesign3/icon-header-services.png]
[static.eldorado.ru/static/images/redesign3/icon-header-projects.png]
[static.eldorado.ru/static/images/redesign3/icon-header-login.png]
[static.eldorado.ru/static/images/birthday/pattern-colored.png]
[static.eldorado.ru/static/images/club/img-popup.png]
[static.eldorado.ru/static/images/redesign3/vacancy_icon.png]
[static.eldorado.ru/static/images/redesign3/icon24_20.png]
[static.eldorado.ru/static/images/main/article.jpg]
[static.eldorado.ru/static/images/main/rouble_v2.jpg]
[static.eldorado.ru/static/images/main/sales.jpg]
[static.eldorado.ru/static/images/redesign3/akit-2-x.png]
[static.eldorado.ru/static/images/redesign3/topmenu/woody.png]
[static.eldorado.ru/static/images/redesign3/icon-star-grey.png]
[static.eldorado.ru/static/css/redesign3/css1_cored8b7.css]
[static.eldorado.ru/static/images/filter_delete_all.gif]
[static.eldorado.ru/static/css/redesign4/css4_cored8b7.css]
[static.eldorado.ru/static/images/redesign3/icon-close.png]
[static.eldorado.ru/static/images/redesign3/icon-favorite.png]
[static.eldorado.ru/static/images/redesign3/icon-headline.png]
[static.eldorado.ru/static/images/redesign3/icon-filter-unchecked.png]
[static.eldorado.ru/static/images/redesign3/icon-filter-checked.png]
[static.eldorado.ru/static/css/redesign3/css1_productd8b7.css]
[static.eldorado.ru/static/images/redesign3/icon-submit.png]
[static.eldorado.ru/static/images/redesign3/icon-submit-white.png]
[static.eldorado.ru/static/images/filters_behavoir_full.png]
[static.eldorado.ru/static/images/filter_close_cross.png]
[static.eldorado.ru/static/images/icon-search.png]
[static.eldorado.ru/static/images/redesign3/icon-view-grid.png]
[static.eldorado.ru/static/images/redesign3/icon-view-list.png]
[static.eldorado.ru/static/images/redesign3/icon-view-grid-active.png]
[static.eldorado.ru/static/images/redesign3/icon-view-list-active.png]
[static.eldorado.ru/static/images/redesign3/icon-arrow-up.png]
[static.eldorado.ru/static/images/redesign3/icon-arrow-drop-up-orange.png]
[static.eldorado.ru/static/images/redesign3/icon-arrow-drop-down-orange.png]
[static.eldorado.ru/static/css/redesign3/css1_otherd8b7.css]
[static.eldorado.ru/static/images/redesign3/big-icon-ok.png]
[static.eldorado.ru/static/css/redesign3/popupd8b7.css]
[static.eldorado.ru/static/images/redesign2/ico-fire.png]
[static.eldorado.ru/static/images/redesign2/icon-birthday.png]
[static.eldorado.ru/static/images/redesign2/moreDetails.png]
[static.eldorado.ru/static/images/redesign3/icon-bonuses-cobr.png]
[static.eldorado.ru/static/images/redesign3/icon-bonuses-to-card.png]
[static.eldorado.ru/static/images/redesign3/bonuses/bonusyata.png]
[static.eldorado.ru/static/css/redesign3/bonusd8b7.css]
[static.eldorado.ru/club/static/img/pic6.jpg]
[static.eldorado.ru/static/css/redesign3/css2_cored8b7.css]
[static.eldorado.ru/static/images/redesign3/icon-arrow-prev-big.png]
[static.eldorado.ru/static/images/redesign3/icon-arrow-next-big.png]
[static.eldorado.ru/static/images/redesign3/icon-zoom.png]
[static.eldorado.ru/static/images/redesign3/icon-phone.png]
[static.eldorado.ru/static/images/redesign3/icon-chat.png]
[static.eldorado.ru/static/images/redesign3/icon-arrow-drop-up-green.png]
[static.eldorado.ru/static/images/redesign3/icon-arrow-drop-down-green.png]
[static.eldorado.ru/static/images/redesign3/icon-question.png]
[static.eldorado.ru/static/images/redesign3/icon-pencil.png]
[static.eldorado.ru/static/images/redesign3/icon-arrow-prev.png]
[static.eldorado.ru/static/images/redesign3/icon-arrow-next.png]
[static.eldorado.ru/static/images/redesign3/icon-pdf.png]
[static.eldorado.ru/static/images/redesign3/delivery@2x.png]
[static.eldorado.ru/static/css/redesign3/css2_productd8b7.css]
[static.eldorado.ru/static/images/redesign3/icon-orders-active.png]
[static.eldorado.ru/static/images/redesign3/icon-orders-active-on.png]
[static.eldorado.ru/static/images/redesign3/icon-orders-history.png]
[static.eldorado.ru/static/images/redesign3/icon-orders-history-on.png]
[static.eldorado.ru/static/images/redesign3/icon-link-collapse.png]
[static.eldorado.ru/static/images/redesign3/icon-link-collapse-minus.png]
[static.eldorado.ru/static/images/redesign3/icon-forms-error.png]
[static.eldorado.ru/static/images/redesign2.3/picCheck.png]
[static.eldorado.ru/static/images/redesign3/lkBonusCard.jpg]
[static.eldorado.ru/static/css/redesign3/css2_otherd8b7.css]
[static.eldorado.ru/static/css/redesign3/css3_cored8b7.css]
[static.eldorado.ru/static/images/redesign3/icon-star.png]
[static.eldorado.ru/static/css/redesign3/css3_productd8b7.css]
[static.eldorado.ru/static/images/paymentOnlineImpIcon.png]
[static.eldorado.ru/static/css/redesign3/css3_otherd8b7.css]
[static.eldorado.ru/static/css/images/ikonka_cart.png]
[static.eldorado.ru/static/css/images/icon-close.png]
[static.eldorado.ru/static/css/images/icon-status.png]
[static.eldorado.ru/static/css/redesign3/stage24d8b7.css]
[static.eldorado.ru/static/css/images/upper-mark-special.png]
[static.eldorado.ru/static/css/redesign3/compared8b7.css]
[static.eldorado.ru/static/images/redesign3/icon-services-bubble.png]
[static.eldorado.ru/static/css/redesign3/servicesd8b7.css]
[static.eldorado.ru/static/images/redesign2.3/pickupPopupClose.png]
[static.eldorado.ru/static/images/bc/bonus.png]
[static.eldorado.ru/static/images/redesign2.3/roundedSelectSetBg.png]
[static.eldorado.ru/bitrix/components/lenvendo/pre_order/templates/.default/pre_orderd8b7.css]
[static.eldorado.ru/bitrix/components/lenvendo/fast_order/templates/.default/fast_orderd8b7.css]
[static.eldorado.ru/static/images/right2.png]
[static.eldorado.ru/static/images/left2.png]
[static.eldorado.ru/static/css/redesign3/additionald8b7.css]
[static.eldorado.ru/static/images/redesign2.3/sprite.png]
[static.eldorado.ru/static/images/redesign3/icon-checkout-clock.png]
[static.eldorado.ru/static/images/redesign3/icon-checkout-place.png]
[static.eldorado.ru/static/images/redesign3/icon-checkout-subway.png]
[static.eldorado.ru/static/images/redesign3/icon-checkout-building.png]
[static.eldorado.ru/static/images/redesign3/basketNavArrow-white.png]
[static.eldorado.ru/static/images/redesign3/icon-cart-schedule.png]
[static.eldorado.ru/static/images/redesign3/icon-cart-calendar.png]
[static.eldorado.ru/images/headerSearchProposeBg.png]
[static.eldorado.ru/static/images/redesign2/ek/bonusHelpNib.png]
[static.eldorado.ru/static/css/_index2d8b7.css]
[static.eldorado.ru/bitrix/components/eldorado/3d.review/templates/.default/3d-reviewd8b7.css]
[static.eldorado.ru/static/css/redesign3/checkout-adaptived8b7.css]
[static.eldorado.ru/static/js/jquery-modal-0.7.3/jquery.modal.mind8b7.css]
[static.eldorado.ru/static/js/lib/webui-popover/img/loading.gif]
[static.eldorado.ru/static/js/lib/webui-popover/dist/jquery.webui-popover.mind8b7.css]
[static.eldorado.ru/bitrix/components/eldorado/personal.wish_list_button/assets/styled8b7.css]
[static.eldorado.ru/static/images/socialauth/icon_fb.png]
[static.eldorado.ru/static/css/wish_listd8b7.css]
[static.eldorado.ru/bitrix/components/lenvendo/order.info/templates/.default/styled8b7.css]
[static.eldorado.ru/bitrix/components/eldorado/search.line_sem/templates/redesign4/styled8b7.css]
[static.eldorado.ru/bitrix/templates/.default/components/bitrix/breadcrumb/redesign3_default/style3f94.css]
[static.eldorado.ru/bitrix/components/eldorado/catalog.goods_detail_sem/templates/redesign3_default/styled8b7.css]
[static.eldorado.ru/static/css/redesign3/action110d8b7.css]
[static.eldorado.ru/static/images/redesign3/livetex/livetex_icon.svg]
[static.eldorado.ru/static/images/redesign3/livetex/styled8b7.css]
[static.eldorado.ru/bitrix/templates/.default/components/bitrix/breadcrumb/redesign2_default/style3f94.css]
[static.eldorado.ru/bitrix/components/lenvendo/loyalty.auth.registration/templates/redesign3_default/styled8b7.css]
[static.eldorado.ru/static/bem/build/fonts/DINPro.otf]
[static.eldorado.ru/static/bem/build/fonts/Graphik_LC-Regular.ttf]
[static.eldorado.ru/static/bem/build/fonts/Graphik_LC-Medium.ttf]
[static.eldorado.ru/static/bem/build/commond8b7.css]
[static.eldorado.ru/static/bem/build/listing/listingd8b7.css]
[www.googletagmanager.com/gtm5445.html]
[www.eldorado.ru/cat/detail/konditsioner-candy-ac-09hta103-r2/indexef4b.html]
[www.eldorado.ru/cat/detail/konditsioner-candy-ac-09hta103-r2/indexb892.html]
[static.eldorado.ru/static/js/redesign3/accessoriesd8b7.js]
[www.eldorado.ru/cat/detail/konditsioner-candy-ac-09hta103-r2/index7813.html]
[www.eldorado.ru/cat/detail/konditsioner-candy-ac-09hta103-r2/index6488.html]
[www.eldorado.ru/cat/detail/konditsioner-candy-ac-09hta103-r2/indexafae.html]
[www.eldorado.ru/cat/detail/konditsioner-candy-ac-09hta103-r2/index7322.html]
[www.eldorado.ru/cat/detail/konditsioner-candy-ac-09hta103-r2/indexfea3.html]
[www.eldorado.ru/cat/detail/konditsioner-candy-ac-09hta103-r2/indexbd49.html]
[www.eldorado.ru/cat/detail/konditsioner-candy-ac-09hta103-r2/index047a.html]
[www.eldorado.ru/cat/detail/konditsioner-candy-ac-09hta103-r2/index873e.html]
[static.eldorado.ru/static/images/redesign2.3/action_price.html]
[static.eldorado.ru/static/css/images/authNumberHelpBg.html]
[static.eldorado.ru/static/css/images/bonusHelpNib.html]
[static.eldorado.ru/static/images/redesign3/pre_order/preorder-popup-bonus-card-info.html]
[static.eldorado.ru/static/images/redesign3/pre_order/preorder-popup-bonus-card-decor.html]
[static.eldorado.ru/bitrix/components/lenvendo/pre_order/images/redesign2.3/roundedSelectSetBg.html]
[static.eldorado.ru/static/images/redesign3/livetex/livetex_icon.svg]
[www.eldorado.ru/cat/detail/konditsioner-candy-ac-09hta103-r2/indexfa7f.html]
[www.eldorado.ru/cat/detail/konditsioner-candy-ac-09hta103-r2/index7813.html]
[www.eldorado.ru/cat/detail/konditsioner-candy-ac-09hta103-r2/index0f2a.html]
[www.eldorado.ru/cat/detail/konditsioner-candy-ac-09hta103-r2/indexafae.html]
[www.eldorado.ru/cat/detail/konditsioner-candy-ac-09hta103-r2/indexfea3.html]
[www.eldorado.ru/cat/detail/konditsioner-candy-ac-09hta103-r2/indexbd49.html]
[www.eldorado.ru/cat/detail/konditsioner-candy-ac-09hta103-r2/indexfa7f.html]
[www.eldorado.ru/cat/detail/konditsioner-candy-ac-09hta103-r2/index0f2a.html]
[www.eldorado.ru/cat/detail/konditsioner-candy-ac-09hta103-r2/index61b8.html]
[www.eldorado.ru/cat/detail/konditsioner-candy-ac-09hta103-r2/index61b8.html]
[www.eldorado.ru/cat/detail/konditsioner-candy-ac-09hta103-r2/index3dbd.html]
[www.eldorado.ru/cat/detail/konditsioner-candy-ac-09hta103-r2/indexa519.html]
[www.eldorado.ru/cat/detail/konditsioner-candy-ac-09hta103-r2/indexa519.html]
[www.eldorado.ru/cat/detail/konditsioner-candy-ac-09hta103-r2/index3dbd.html]
